[15:30:05] [INIT] KubeJS 2001.6.5-build.26; MC 2001 forge
[15:30:05] [INIT] Loaded plugins:
[15:30:05] [INIT] - dev.latvian.mods.kubejs.forge.BuiltinKubeJSForgePlugin
[15:30:05] [INIT] - dev.latvian.mods.kubejs.forge.BuiltinKubeJSForgeClientPlugin
[15:30:05] [INIT] - com.lowdragmc.lowdraglib.kjs.LDLibKubeJSPlugin
[15:30:05] [INIT] - com.almostreliable.morejs.Plugin
[15:30:05] [INIT] - com.almostreliable.lootjs.kube.LootJSPlugin
[15:30:05] [INFO] Loaded script server_scripts:atlan.js in 0.0 s
[15:30:05] [INFO] Loaded script server_scripts:copper_rail.js in 0.001 s
[15:30:05] [INFO] Loaded script server_scripts:crafting.js in 0.0 s
[15:30:05] [INFO] Loaded script server_scripts:drowned_trident.js in 0.0 s
[15:30:05] [INFO] Loaded script server_scripts:enchanting_table.js in 0.001 s
[15:30:05] [INFO] Loaded script server_scripts:enchant_tablets.js in 0.0 s
[15:30:05] [INFO] Loaded script server_scripts:etome.js in 0.0 s
[15:30:05] [INFO] example.js#5: Hello, World! (Loaded server scripts)
[15:30:05] [INFO] Loaded script server_scripts:example.js in 0.0 s
[15:30:05] [INFO] Loaded script server_scripts:exported_recipes.js in 0.0 s
[15:30:05] [INFO] Loaded script server_scripts:gravel.js in 0.0 s
[15:30:05] [INFO] Loaded script server_scripts:hellfork.js in 0.0 s
[15:30:05] [INFO] Loaded script server_scripts:leather_armor.js in 0.0 s
[15:30:05] [INFO] Loaded script server_scripts:lodestone.js in 0.0 s
[15:30:05] [INFO] Loaded script server_scripts:magearmor.js in 0.002 s
[15:30:05] [INFO] Loaded script server_scripts:map.js in 0.0 s
[15:30:05] [INFO] Loaded script server_scripts:name_tag.js in 0.001 s
[15:30:05] [INFO] Loaded script server_scripts:rabbit_hide.js in 0.0 s
[15:30:05] [INFO] Loaded script server_scripts:relics.js in 0.0 s
[15:30:05] [INFO] Loaded script server_scripts:relic_case.js in 0.0 s
[15:30:05] [INFO] Loaded script server_scripts:remove_items.js in 0.001 s
[15:30:05] [INFO] Loaded script server_scripts:remove_scalinghealth_drops.js in 0.0 s
[15:30:05] [INFO] Loaded script server_scripts:royal_arrow.js in 0.0 s
[15:30:05] [INFO] Loaded script server_scripts:saddle.js in 0.0 s
[15:30:05] [INFO] Loaded script server_scripts:spectral_arrow.js in 0.0 s
[15:30:05] [INFO] Loaded script server_scripts:tags.js in 0.001 s
[15:30:05] [INFO] Loaded script server_scripts:test.js in 0.001 s
[15:30:05] [INFO] Loaded script server_scripts:tool_swapper_upgrade.js in 0.0 s
[15:30:05] [INFO] Loaded script server_scripts:waystone.js in 0.0 s
[15:30:05] [INFO] Loaded 28/28 KubeJS server scripts in 0.022 s with 0 errors and 0 warnings
[15:30:05] [INFO] Scripts loaded
[15:30:05] [INFO] Initializing recipe event...
[15:30:05] [INFO] Server resource reload complete!
[15:30:06] [INFO] [minecraft:item] Found 1152 tags, added 184 objects, removed 0 objects
[15:30:08] [INFO] Processing recipes...
[15:30:08] [WARN] Failed to parse recipe 'cataclysm:stonecutting/azure_seastone_brick_stair_from_stonecutting[minecraft:stonecutting]'! Falling back to vanilla: ItemStack 'result' can't be empty!
[15:30:08] [WARN] Failed to parse recipe 'minecraft_121_update:copper_lock_crafting[minecraft:crafting_shaped]'! Falling back to vanilla: ItemStack 'result' can't be empty!
[15:30:08] [WARN] Failed to parse recipe 'minecraft_121_update:copper_door[minecraft:crafting_shaped]'! Falling back to vanilla: ItemStack 'result' can't be empty!
[15:30:08] [WARN] Failed to parse recipe 'mofus_better_end_:end_engine_recipe[minecraft:crafting_shaped]'! Falling back to vanilla: ItemStack 'result' can't be empty!
[15:30:08] [WARN] Failed to parse recipe 'starcatcher:aquaculture_fillet[minecraft:crafting_shapeless]'! Falling back to vanilla: ItemStack 'result' can't be empty!
[15:30:08] [WARN] Failed to parse recipe 'netherexp:stonecutting/from_pale_soul_slate/indented[minecraft:stonecutting]'! Falling back to vanilla: ItemStack 'result' can't be empty!
[15:30:08] [INFO] Found 15073 recipes in 195.3 ms
[15:30:08] [INFO] Posted recipe events in 296.1 ms
[15:30:08] [INFO] Added 46 recipes, removed 117 recipes, modified 2 recipes, with 0 failed recipes in 41.36 ms
[15:30:09] [WARN] remove_scalinghealth_drops.js#5: LootJS: Invalid ingredient for filter: net.minecraft.world.item.crafting.Ingredient@1ef57a88
[15:30:09] [WARN] remove_scalinghealth_drops.js#14: LootJS: Invalid ingredient for filter: net.minecraft.world.item.crafting.Ingredient@1ef57a88
[15:30:14] [INFO] Server resource reload complete!
