[20:22:33] [INIT] KubeJS 2001.6.5-build.26; MC 2001 forge
[20:22:33] [INIT] Loaded plugins:
[20:22:33] [INIT] - dev.latvian.mods.kubejs.forge.BuiltinKubeJSForgePlugin
[20:22:33] [INIT] - dev.latvian.mods.kubejs.forge.BuiltinKubeJSForgeClientPlugin
[20:22:33] [INIT] - com.lowdragmc.lowdraglib.kjs.LDLibKubeJSPlugin
[20:22:33] [INIT] - com.lowdragmc.mbd2.integration.kubejs.MBDKubeJSPlugin
[20:22:33] [INIT] - dev.sorin.kubejsextendedcrafting.KubejsExtendedCraftingPlugin
[20:22:33] [INIT] - com.almostreliable.morejs.Plugin
[20:22:33] [INIT] - com.almostreliable.lootjs.kube.LootJSPlugin
[20:22:33] [INIT] - com.blakebr0.cucumber.compat.kubejs.CucumberKubeJSPlugin
[20:22:33] [INIT] - com.almostreliable.summoningrituals.compat.kubejs.AlmostKube
[20:22:34] [INFO] Loaded script startup_scripts:catcaclysm_armors.js in 0.105 s
[20:22:34] [INFO] Loaded script startup_scripts:eldritch_magical_ink.js in 0.003 s
[20:22:34] [INFO] Loaded script startup_scripts:empty_scroll.js in 0.002 s
[20:22:34] [INFO] Loaded script startup_scripts:fire_rune.js in 0.0 s
[20:22:34] [INFO] Loaded script startup_scripts:hellish_magical_ink.js in 0.001 s
[20:22:34] [INFO] Loaded script startup_scripts:item_addons.js in 0.0 s
[20:22:34] [INFO] Loaded script startup_scripts:magical_ink.js in 0.0 s
[20:22:34] [INFO] Loaded script startup_scripts:monster_expansion.js in 0.002 s
[20:22:34] [INFO] Loaded script startup_scripts:runes.js in 0.009 s
[20:22:34] [INFO] Loaded 9/9 KubeJS startup scripts in 1.624 s with 0 errors and 0 warnings
[20:22:35] [INFO] eldritch_magical_ink.js#13: Loaded Java class 'net.minecraft.world.level.block.state.properties.IntegerProperty'
